B-TemperatureSensor.LOC B-TemperatureSensor.IntensityQuantifier B-TemperatureSensor.CommandFeature
B-TemperatureSensor.COMMAND B-TemperatureSensor.CommandParameter O B-TemperatureSensor.CommandParameterValue O B-TemperatureSensor.CommandParameter O B-TemperatureSensor.CommandParameterValue
B-TemperatureSensor.DeviceFeature I-TemperatureSensor.DeviceFeature
B-TemperatureSensor.ParameterValueQuestion B-TemperatureSensor.LOCCurrent B-TemperatureSensor.IntensityQuantifier B-TemperatureSensor.CommandFeature
O B-TemperatureSensor.LOC I-TemperatureSensor.LOC O B-TemperatureSensor.CommandParameterValue B-TemperatureSensor.CommandParameter B-TemperatureSensor.COMMAND B-TemperatureSensor.DEVICE
O B-TemperatureSensor.LOC I-TemperatureSensor.LOC B-TemperatureSensor.Quantor B-TemperatureSensor.CommandParameterValue B-TemperatureSensor.CommandParameter B-TemperatureSensor.COMMAND B-TemperatureSensor.DEVICE
B-SmartOven.ParameterValueQuestion B-SmartOven.FeatureState I-SmartOven.FeatureState B-SmartOven.CommandFeature
B-SmartOven.CommandQuestion B-SmartOven.FeatureState I-SmartOven.FeatureState B-SmartOven.CommandFeature O B-SmartOven.DEVICE
B-SmartOven.DeviceSta`te O B-SmartOven.DEVICE
B-AudioSystem.COMMAND B-AudioSystem.CommandFeature O B-AudioSystem.DeviceParameterValue B-AudioSystem.DeviceFeature
B-AudioSystem.COMMAND B-AudioSystem.IntensityQuantifier
O O O O B-AudioSystem.COMMAND I-AudioSystem.COMMAND B-AudioSystem.CommandFeature O B-AudioSystem.Action
B-AudioSystem.COMMAND B-AudioSystem.CommandFeature O O O O
O B-AudioSystem.Actor B-AudioSystem.Action B-AudioSystem.COMMAND O O B-AudioSystem.DeviceParameterValue
B-AudioSystem.COMMAND B-AudioSystem.CommandFeature O B-AudioSystem.Actor B-AudioSystem.Action
B-AudioSystem.COMMAND B-AudioSystem.DEVICE O O O O
B-AudioSystem.COMMAND B-AudioSystem.CommandFeature O B-AudioSystem.Actor B-AudioSystem.Action
B-AudioSystem.COMMAND O B-AudioSystem.CommandFeature B-AudioSystem.IntensityQuantifier
O O O O B-SmartFeeder.COMMAND O
B-SmartFeeder.COMMAND B-SmartFeeder.CommandFeature B-SmartFeeder.IntensityQuantifier B-SmartFeeder.DeviceFeature
O O B-HeaterController.LOC B-HeaterController.CommandFeature B-HeaterController.COMMAND B-HeaterController.DeviceFeature
B-HeaterController.COMMAND B-HeaterController.CommandFeature O O
B-HeaterController.COMMAND B-HeaterController.DeviceFeature O B-HeaterController.LOC
B-HumiditySensor.COMMAND B-HumiditySensor.DeviceFeature O O O
O O O O B-WindowRelay.COMMAND B-WindowRelay.CommandFeature
B-WindowRelay.COMMAND O O B-WindowRelay.Actor B-WindowRelay.Action O B-WindowRelay.LOC
O O O O B-WindowRelay.COMMAND B-WindowRelay.DeviceFeature
B-SmartBreadMaker.COMMAND B-SmartBreadMaker.CommandFeature O B-SmartBreadMaker.Actor B-SmartBreadMaker.Action
O O O O O O
B-CurtainsRelay.ParameterValueQuestion O O B-CurtainsRelay.CommandFeature I-CurtainsRelay.CommandFeature
O O O O O O
B-LightSensor.COMMAND B-LightSensor.CommandFeature B-LightSensor.LOC B-LightSensor.IntensityQuantifier B-LightSensor.CommandFeature
B-LightSensor.COMMAND B-LightSensor.CommandFeature B-LightSensor.LOC B-LightSensor.IntensityQuantifier B-LightSensor.CommandFeature
O B-LightSensor.LOC I-LightSensor.LOC B-LightSensor.CommandFeature B-LightSensor.COMMAND B-LightSensor.CommandFeature
B-LightSensor.COMMAND B-LightSensor.CommandFeature O B-LightSensor.Actor B-LightSensor.Action O B-LightSensor.LOC
B-LightSensor.COMMAND B-LightSensor.CommandFeature O B-LightSensor.Actor B-LightSensor.Action O B-LightSensor.LOC
B-LightSensor.COMMAND B-LightSensor.CommandFeature O B-LightSensor.Actor B-LightSensor.Action O B-LightSensor.LOC
B-LightSensor.COMMAND B-LightSensor.CommandFeature O B-LightSensor.Actor B-LightSensor.Action O B-LightSensor.LOC
B-DoorWindowStatusSensor.RequestQuestion B-DoorWindowStatusSensor.DeviceFeature O B-DoorWindowStatusSensor.LOC B-DoorWindowStatusSensor.FeatureState
B-DoorWindowStatusSensor.DeviceQuestion O B-DoorWindowStatusSensor.DeviceFeature O B-DoorWindowStatusSensor.LOC O B-DoorWindowStatusSensor.FeatureState
O O B-DoorWindowStatusSensor.CommandFeature O B-DoorWindowStatusSensor.COMMAND B-DoorWindowStatusSensor.CommandFeature
B-Lamp.COMMAND O O B-Lamp.DeviceFeature O B-Lamp.CommandParameterValue
B-Lamp.COMMAND B-Lamp.CommandFeature O B-Lamp.Actor B-Lamp.Action O B-Lamp.LOC
B-Lamp.COMMAND B-Lamp.CommandFeature O B-Lamp.Actor B-Lamp.Action O B-Lamp.LOC
B-Lamp.COMMAND B-Lamp.CommandFeature O B-Lamp.Actor B-Lamp.Action O B-Lamp.LOC
B-SmartKettle.COMMAND B-SmartKettle.CommandFeature O I-SmartKettle.CommandFeature
O B-SmartKettle.Actor B-SmartKettle.Action B-SmartKettle.COMMAND B-SmartKettle.CommandFeature
O O B-WashingMachine.CommandState B-WashingMachine.CommandFeature
B-WashingMachine.COMMAND O B-WashingMachine.DeviceParameterValue B-WashingMachine.DeviceParameter
B-SmartVacuumCleaner.COMMAND B-SmartVacuumCleaner.LOC O B-SmartVacuumCleaner.Actor B-SmartVacuumCleaner.Action O B-SmartVacuumCleaner.LOC
B-SmartVacuumCleaner.COMMAND B-SmartVacuumCleaner.LOCCurrent O B-SmartVacuumCleaner.Actor B-SmartVacuumCleaner.Action O B-SmartVacuumCleaner.LOC
B-TVSet.COMMAND B-TVSet.Devicefeature O B-TVSet.Actor B-TVSet.Action
B-TVSet.COMMAND B-TVSet.DEVICE
B-TVSet.COMMAND B-TVSet.DeviceFeature O B-TVSet.Actor B-TVSet.Action
B-MotionSensor.COMMAND O O O O O O O
B-MotionSensor.COMMAND O B-MotionSensor.CommandFeature B-MotionSensor.LOC I-MotionSensor.LOC B-MotionSensor.FeatureState B-MotionSensor.IntensityQuantifier
B-MotionSensor.Actor B-MotionSensor.Action B-MotionSensor.LOC O O
B-SmartFridge.RequestQuestion O B-SmartFridge.FeatureState B-SmartFridge.CommandFeature O B-SmartFridge.LOC
B-SmartFridge.ParameterValueQuestion O O B-SmartFridge.CommandFeature I-SmartFridge.CommandFeature
B-SmartFridge.DeviceFeature I-SmartFridge.DeviceFeature
B-CoffeeMachine.COMMAND B-CoffeeMachine.Ð¡ommandFeature O B-CoffeeMachine.Actor B-CoffeeMachine.Ation
O O B-CoffeeMachine.COMMAND B-CoffeeMachine.DEVICE O B-CoffeeMachine.LOC
B-SmartElectricityMeter.ParameterValueQuestion O O O B-SmartElectricityMeter.Actor B-SmartElectricityMeter.Action O O
B-SmartElectricityMeter.COMMAND B-SmartElectricityMeter.CommandFeature O B-SmartElectricityMeter.Actor B-SmartElectricityMeter.Action O B-SmartElectricityMeter.LOC
B-SmartElectricityMeter.COMMAND B-SmartElectricityMeter.CommandFeature O B-SmartElectricityMeter.LOC
B-WaterTapRelay.COMMAND B-WaterTapRelay.CommandFeature B-WaterTapRelay.Quantifier
B-WaterTapRelay.COMMAND B-WaterTapRelay.FeatureState B-WaterTapRelay.CommandFeature O B-WaterTapRelay.Actor B-WaterTapRelay.Action
O B-WaterTapRelay.Actor B-WaterTapRelay.Action I-WaterTapRelay.Action
B-WaterTapRelay.Actor B-WaterTapRelay.Action I-WaterTapRelay.Action B-WaterTapRelay.CommandFeature
B-SmartIron.COMMAND B-SmartIron.DEVICE B-SmartIron.Actor B-SmartIron.Action I-SmartIron.Action B-SmartIron.DeviceParameterValue O
B-SmartCar.Actor B-SmartCar.COMMAND I-SmartCar.COMMAND O B-SmartCar.CommandParameterValue B-SmartCar.LOC
B-SmartCar.Actor B-SmartCar.COMMAND I-SmartCar.COMMAND O B-SmartCar.CommandParameterValue B-SmartCar.LOC
B-Printer.COMMAND B-Printer.CommandFeature I-Printer.CommandFeature O O O
B-Printer.COMMAND B-Printer.CommandFeature I-Printer.CommandFeature O O O